// Jest Snapshot v1, https://goo.gl/fbAQLP

exports[`カートページ 正常に表示（ゲストカートの中身あり） 1`] = `
<DocumentFragment>
  <div
    class="w-4/5 mx-auto"
  >
    <h2
      class="text-3xl font-bold mt-10"
    >
      カート
    </h2>
    <div
      class="block py-40 mx-auto my-10 bg-neutral-100 rounded"
    >
      <h2
        class="text-center text-3xl font-bold mb-10"
      >
        カートに商品がありません
      </h2>
      <a
        href="/"
      >
        <div
          class="container mx-auto pt-1.5 text-center h-10 w-1/3 border-2 border-neutral-900 bg-white mt-4"
        >
          お買い物はこちらから
        </div>
      </a>
    </div>
  </div>
</DocumentFragment>
`;

exports[`カートページ 正常に表示（空のゲストカート） 1`] = `
<DocumentFragment>
  <div
    class="w-4/5 mx-auto"
  >
    <h2
      class="text-3xl font-bold mt-10"
    >
      カート
    </h2>
    <div
      class="block py-40 mx-auto my-10 bg-neutral-100 rounded"
    >
      <h2
        class="text-center text-3xl font-bold mb-10"
      >
        カートに商品がありません
      </h2>
      <a
        href="/"
      >
        <div
          class="container mx-auto pt-1.5 text-center h-10 w-1/3 border-2 border-neutral-900 bg-white mt-4"
        >
          お買い物はこちらから
        </div>
      </a>
    </div>
  </div>
</DocumentFragment>
`;

exports[`カートページ 正常に表示（空のユーザーカート） 1`] = `
<DocumentFragment>
  <div
    class="w-4/5 mx-auto"
  >
    <h2
      class="text-3xl font-bold mt-10"
    >
      カート
    </h2>
    <div
      class="block py-40 mx-auto my-10 bg-neutral-100 rounded"
    >
      <h2
        class="text-center text-3xl font-bold mb-10"
      >
        カートに商品がありません
      </h2>
      <a
        href="/"
      >
        <div
          class="container mx-auto pt-1.5 text-center h-10 w-1/3 border-2 border-neutral-900 bg-white mt-4"
        >
          お買い物はこちらから
        </div>
      </a>
    </div>
  </div>
</DocumentFragment>
`;
